[debug] [2026-08-12T17:30:07.109Z] ----------------------------------------------------------------------
[debug] [2026-08-12T17:30:07.110Z] Command:       /usr/local/bin/node /usr/local/bin/firebase deploy --only hosting
[debug] [2026-08-12T17:30:07.110Z] CLI Version:   15.4.0
[debug] [2026-08-12T17:30:07.110Z] Platform:      darwin
[debug] [2026-08-12T17:30:07.110Z] Node Version:  v22.20.0
[debug] [2026-08-12T17:30:07.111Z] Time:          Wed Aug 12 2026 20:30:07 GMT+0300 (Israel Daylight Time)
[debug] [2026-08-12T17:30:07.111Z] ----------------------------------------------------------------------
[debug] 
[debug] [2026-08-12T17:30:07.111Z] >>> [apiv2][query] GET https://firebase-public.firebaseio.com/cli.json [none]
[debug] [2026-08-12T17:30:07.864Z] > command requires scopes: ["email","openid","https://www.googleapis.com/auth/cloudplatformprojects.readonly","https://www.googleapis.com/auth/firebase","https://www.googleapis.com/auth/cloud-platform"]
[debug] [2026-08-12T17:30:07.864Z] > authorizing via signed-in user (taltal115@gmail.com)
[debug] [2026-08-12T17:30:07.865Z] [iam] checking project trading-goals for permissions ["firebase.projects.get","firebasehosting.sites.update"]
[debug] [2026-08-12T17:30:07.865Z] Checked if tokens are valid: false, expires at: 1786396446156
[debug] [2026-08-12T17:30:07.865Z] Checked if tokens are valid: false, expires at: 1786396446156
[debug] [2026-08-12T17:30:07.865Z] > refreshing access token with scopes: []
[debug] [2026-08-12T17:30:07.865Z] >>> [apiv2][query] POST https://www.googleapis.com/oauth2/v3/token [none]
[debug] [2026-08-12T17:30:07.865Z] >>> [apiv2][body] POST https://www.googleapis.com/oauth2/v3/token [omitted]
[debug] [2026-08-12T17:30:08.054Z] <<< [apiv2][status] POST https://www.googleapis.com/oauth2/v3/token 200
[debug] [2026-08-12T17:30:08.055Z] <<< [apiv2][body] POST https://www.googleapis.com/oauth2/v3/token [omitted]
[debug] [2026-08-12T17:30:08.069Z] >>> [apiv2][query] POST https://cloudresourcemanager.googleapis.com/v1/projects/trading-goals:testIamPermissions [none]
[debug] [2026-08-12T17:30:08.069Z] >>> [apiv2][(partial)header] POST https://cloudresourcemanager.googleapis.com/v1/projects/trading-goals:testIamPermissions x-goog-quota-user=projects/trading-goals
[debug] [2026-08-12T17:30:08.069Z] >>> [apiv2][body] POST https://cloudresourcemanager.googleapis.com/v1/projects/trading-goals:testIamPermissions {"permissions":["firebase.projects.get","firebasehosting.sites.update"]}
[debug] [2026-08-12T17:30:08.202Z] <<< [apiv2][status] GET https://firebase-public.firebaseio.com/cli.json 200
[debug] [2026-08-12T17:30:08.202Z] <<< [apiv2][body] GET https://firebase-public.firebaseio.com/cli.json {"cloudBuildErrorAfter":1594252800000,"cloudBuildWarnAfter":1590019200000,"defaultNode10After":1594252800000,"minVersion":"3.0.5","node8DeploysDisabledAfter":1613390400000,"node8RuntimeDisabledAfter":1615809600000,"node8WarnAfter":1600128000000}
[debug] [2026-08-12T17:30:09.037Z] <<< [apiv2][status] POST https://cloudresourcemanager.googleapis.com/v1/projects/trading-goals:testIamPermissions 200
[debug] [2026-08-12T17:30:09.037Z] <<< [apiv2][body] POST https://cloudresourcemanager.googleapis.com/v1/projects/trading-goals:testIamPermissions {"permissions":["firebase.projects.get","firebasehosting.sites.update"]}
[debug] [2026-08-12T17:30:09.037Z] Checked if tokens are valid: true, expires at: 1786559407055
[debug] [2026-08-12T17:30:09.037Z] Checked if tokens are valid: true, expires at: 1786559407055
[debug] [2026-08-12T17:30:09.037Z] >>> [apiv2][query] GET https://firebase.googleapis.com/v1beta1/projects/trading-goals [none]
[debug] [2026-08-12T17:30:09.484Z] <<< [apiv2][status] GET https://firebase.googleapis.com/v1beta1/projects/trading-goals 200
[debug] [2026-08-12T17:30:09.484Z] <<< [apiv2][body] GET https://firebase.googleapis.com/v1beta1/projects/trading-goals {"projectId":"trading-goals","projectNumber":"703616057199","displayName":"trading-goals","name":"projects/trading-goals","resources":{"hostingSite":"trading-goals"},"state":"ACTIVE","labels":{"firebase":"enabled"},"etag":"1_f3e51caf-8ad6-4ef9-9fdf-39d3cb3158c8"}
[info] 
[info] === Deploying to 'trading-goals'...
[info] 
[info] i  deploying hosting 
[debug] [2026-08-12T17:30:09.491Z] Checked if tokens are valid: true, expires at: 1786559407055
[debug] [2026-08-12T17:30:09.491Z] Checked if tokens are valid: true, expires at: 1786559407055
[debug] [2026-08-12T17:30:09.491Z] >>> [apiv2][query] POST https://firebasehosting.googleapis.com/v1beta1/projects/-/sites/trading-goals/versions [none]
[debug] [2026-08-12T17:30:09.491Z] >>> [apiv2][body] POST https://firebasehosting.googleapis.com/v1beta1/projects/-/sites/trading-goals/versions {"status":"CREATED","labels":{"deployment-tool":"cli-firebase"}}
[debug] [2026-08-12T17:30:11.753Z] <<< [apiv2][status] POST https://firebasehosting.googleapis.com/v1beta1/projects/-/sites/trading-goals/versions 200
[debug] [2026-08-12T17:30:11.753Z] <<< [apiv2][body] POST https://firebasehosting.googleapis.com/v1beta1/projects/-/sites/trading-goals/versions {"name":"projects/703616057199/sites/trading-goals/versions/e01a9bed9e97e439","status":"CREATED","config":{},"labels":{"deployment-tool":"cli-firebase"}}
[info] i  hosting[trading-goals]: beginning deploy... 
[info] i  hosting[trading-goals]: found 59 files in frontend/dist/trading-signals-web/browser 
[debug] [2026-08-12T17:30:11.763Z] [hosting] uploading with 200 concurrency
[debug] [2026-08-12T17:30:11.778Z] Checked if tokens are valid: true, expires at: 1786559407055
[debug] [2026-08-12T17:30:11.778Z] Checked if tokens are valid: true, expires at: 1786559407055
[debug] [2026-08-12T17:30:11.779Z] [hosting] hash cache [ZnJvbnRlbmQvZGlzdC90cmFkaW5nLXNpZ25hbHMtd2ViL2Jyb3dzZXI] stored for 59 files
[debug] [2026-08-12T17:30:11.779Z] [hosting][hash queue][FINAL] {"max":11,"min":2,"avg":7.0508474576271185,"active":0,"complete":59,"success":59,"errored":0,"retried":0,"total":59,"elapsed":14}
[debug] [2026-08-12T17:30:11.779Z] >>> [apiv2][query] POST https://firebasehosting.googleapis.com/v1beta1/projects/703616057199/sites/trading-goals/versions/e01a9bed9e97e439:populateFiles [none]
[debug] [2026-08-12T17:30:11.779Z] >>> [apiv2][body] POST https://firebasehosting.googleapis.com/v1beta1/projects/703616057199/sites/trading-goals/versions/e01a9bed9e97e439:populateFiles {"files":{"/favicon.svg":"5970cc53ecdd5f7743cd232df438f2488621af8a86cb786eeeea74ad69448c4f","/chunk-ZQZAGO3B.js":"6c4799ad5f9c88b56cfef4e1330af0377977cc1b81625bc8fd3112d3aed3d14a","/main-ICA576GZ.js":"e61f6fce0c68f9862efeff48aca9c9cc2a94a43d38b198ca88cd5dbdfe62e3e3","/chunk-SKD4BN63.js":"1244b7879f800dad08fb334c9f4a0b3f86d24331fb5c0262d2a603158c3444f2","/index.html":"e389819c27a43af47e01432718522b276603d577e0a44f7a7a52a9677b488ff5","/chunk-S5ISCRR4.js":"c43d2ddb02edf032105c75bbf4d8e6b5c38e87be137938ab9df70e6958782e30","/chunk-V24F2L5K.js":"0f1fd37544c6d1f966affa62de232e035c09feefef39cfacacefd7d5cd7fffc2","/chunk-SG2CNIMF.js":"5b6bc3d284cf71c71accc34accc1046f5ee329bdea4f4119a775c66faf357c07","/chunk-RHGVFUOL.js":"367e678deafbf16879809336fc4fff2fa58c1d6c9f7d4f9ada7bd3b422f7c0ac","/chunk-NDXLLWOS.js":"90855a12dd020a9bbff672505701cf588744f26ef0e05b02cf67caed3e67f112","/styles-MO2S4EBX.css":"2b9045a1a0b115c65b50732f1aa2674724af7bbdf2b7ed4eee127ec4253714f3","/chunk-MXYBD7JH.js":"04a9daca1d5acd8645c4752ad5c5fbc44417c6e66f7bd5e4c02c512a51853f53","/chunk-MJS3RCWM.js":"77f8bca691549e768f030c8ec0b843b1e3fb75567a5abef2930274d46d52a666","/chunk-P2PU5G22.js":"b0940902ba235ce15f0b43319e8f6c5109b77b86cc56172d8ae347d179a396e9","/chunk-LNYPZAAV.js":"04f8ab346319933f7d937140315b32bf95f8573ead538bce205aec633266d9fe","/chunk-MFODZW7N.js":"ae56b75382bcbb54d04d3fbec2dce92e3215e7ff546eccdd145309ba8f66cf52","/polyfills-B6TNHZQ6.js":"0d470d11ef45790298a0211b78859f53935f24a7d05c357a0bce142e2e12a925","/chunk-MEN774XB.js":"6044de83f5bb7acefa66685606f3911473ae56b450586edeacb2536439e057b8","/chunk-GZM543ZY.js":"4d6d2eabfe9ed2d8ff2c8ca3591e18ad55a10b279b9d1ca710867a73ea9fe068","/chunk-ENZX33L4.js":"e2206b2a0de56c7f60ab620bcc3ed49e4f203f3a95af668d4e0e9b34196b56e2","/chunk-GCO3KBFM.js":"14cd9ae60d22c8092792e800790f67511c1bb9c34ca920a7ad23fd0be2af46bb","/chunk-7NFY7NXR.js":"0d6a641e33d8992f5be8079bcaed8a3d76218c85269c3e8521e422ad8441270c","/chunk-GYJ4RUHS.js":"1cfa1d76efa23cd2f75e6af2ed5ee9bbcdc7f1d5ce7b56545eb50af2cf902986","/chunk-XAS6HACA.js":"4f54056b465253b2eeb31b2d4f15033bffe1b97d6ebedee96dd10a0bd53744ba","/chunk-7JPINEI4.js":"7190e0085213368b0c663fad959cf2df0f1e480df9e36ca9174b1ddec2374a7b","/chunk-722UAVRI.js":"10f69fafa8d8cda3a8b28fbc5604dde1e8b940b5f11c72dce93d741cb8f9031f","/chunk-G4WQNFYH.js":"1a83ee413e2a746f852043fd9767156e2897f03e95e1998fb751648ec5170a15","/chunk-57YE3F2O.js":"9753f7b8b3360823d0f5d59b554227b35c1d52b6e24c334b01e28c2f574c16ca","/repo-docs/trading-calendar-nys.md":"012fa36d1dc5e3203902f47ad2bd8b58029e1c374b8389ad919e31247fa13115","/favicon.ico":"8f1fc0f94ae643bb8757c3cb49f69bf6cb2228f632cb77c7e47d8ee3995d88a7","/chunk-2DP2VYAU.js":"1a6c02a5331d3b294121d2cc8606ec764bebd0280d1029ebbb2dc5d74c69fb5b","/chunk-55RBDY75.js":"03c50e92ff0dc3885883a0f750c1a0f378666f8190c30c79bd61a667f68c40b6","/repo-docs/frontend-angular-architecture.md":"2f96d7e01a749c85fc7d8202b42075a50f16e6251cd6063b43ff37b40459cf2b","/repo-docs/my-positions-collection-migration.md":"ee11a576cd0400c8b36d6a2faaa7e662620632bf99916bf1ed55de77789f070d","/chunk-CPNXM3NV.js":"39891fd957380663037a1e8cda79b4e63536e01f7c9e383ba52079515f009739","/repo-docs/firebase-hosting-setup.md":"2e9bf1e189c1499affe2a8754c084d488a5174959bdfcbe43840e686e13307c9","/repo-docs/firestore-collection-migration.md":"474c099763efb3e622fcd2909b6b0d09c14ed7eadad26d8f7b1ffc4e5a3f3608","/repo-docs/backend-api.md":"1c903ac13da934a402fbbba49ba5701422b2c755d7149d7f2f0f1a026df20016","/repo-docs/bot-logic-and-strategy.md":"cb6829a8dbeb11275a79311502d292acab8d13d6214c453fcb2e192157b81000","/repo-docs/research/README.md":"27e34ba7a94ab00f9f923ce44f1d79427ab6d33370f72ab6955402b7d6490136","/chunk-GS5W3F6S.js":"792981d94bc3c322f0694eb4fdb4cc6702f8c4f292af52774df74f844b6106ad","/repo-docs/ibkr-client-portal-gateway-plan.md":"a72384143c3a08fdec8eb30d6736eccfc99f73e0939c70e4b91c9b3e8db47478","/repo-docs/multi-user-my-positions.md":"612bd9cbeb1a89e4af1338cb8c2407c6991fb686e4c12de7093ba144156713cc","/repo-docs/deploy-api-cloud-run.md":"e36c3065f7c135e028f538a27c971b05ca80b1dc92e0d5f58e9e5d3bb246586b","/repo-docs/research/2026-08/signal-strategy-research-2026-08-followup-post-0804.md":"b0bdc528d8dc0f01ac40683d991ca3c08ff77b39c0c4c8533da4e934eb3311c9","/repo-docs/research/2026-08/signal-strategy-research-2026-08.md":"220cd86981b4c2d0f657e653572518170af80da58317e3ee19b5b8b4d2598a6f","/chunk-OYCACSWW.js":"062151c8f153a293817cef7eba2296e9fa5912719984742d5d8f07c7d335ad65","/chunk-7WD465V7.js":"58e21a2cd59a0c105e489dda9a3cfd8046076d7a8cd7cc8491d93b4ec0896b6f","/repo-docs/research/2026-07/signal-strategy-research-2026-07.md":"81d0c37f4b973564d25b807bae3e05669d96a88d59b168461823ac6b6d77715f","/repo-docs/research/2026-07/signal-strategy-research-2026-07-followup.md":"4d6b21dae388544b8d964b9cc95e9fb4a90f7638c84ab4c55a4663e6d9860f89","/repo-docs/ai-signal-pipeline/VERDICT_SCHEMA.md":"f0b2dd4c37dad59731c8c82f8f69187966ba5b53d75b224e6cb20380f998570e","/repo-docs/ai-signal-pipeline/RUNBOOK.md":"bcbf08c1c4b35e56a6f75aaba99bffdbb6076977f12281c590848fce217d1f91","/repo-docs/ai-signal-pipeline/USAGE_AND_ANALYTICS.md":"840f30b2af00a1a80cf0f6109096e107386be6865676f1c9c2d1a3506627fcbb","/repo-docs/ai-signal-pipeline/README.md":"27c4610e5b9683d6d8555ff0bd129a54c54cc61ba41e5cc49e8309755d9eebff","/repo-docs/ai-signal-pipeline/PROMPTS.md":"64eb3e8f96955e31cc5f75a7895db6ab2ad2c9e6d8e84208b74e22dceb10a1b9","/repo-docs/ai-signal-pipeline/ARCHITECTURE.md":"2f861694a2b905067396960c7dc84033f70ab33cbdf9de63500a71b98b796689","/repo-docs/research/2026-07/signal-strategy-research-2026-07-followup-2.md":"1d97ae9f3fcf33a388be49fe99efab6a6ff5ac147516e2f2346ea5e1e253cb00","/chunk-6ENEZCOJ.js":"e1e66bef3db6e7570b616b4457c8021b5a5ecfd0718914f1bec9709af8e9672d","/chunk-LBDF6JZQ.js":"bfbb182398ebcb60cef78141e94fe8dbaf9b4fbc9a5608b9e5f6238ca880eb66"}}
